---------------------------------------------
OSHONSOFT Z80 ASSEMBLER LISTING
Line   Addr Opcode      Label   Instruction
---------------------------------------------
0001   0000             ;Constantes
0002   0000             
0003   0000             LCD     EQU 40H
0004   0000             KB      EQU 41H
0005   0000             CW1     EQU 43H
0006   0000             CW2     EQU 47H
0007   0000             
0008   0000             ; inicio de codigo
0009   0000             
0010   0000                     ORG 0000H
0011   0000             
0012   0000             ; PA -> Out ; PB -> In  ;  PC-F -> Out
0013   0000             
0014   0000 3E 82               LD A,82H
0015   0002 D3 43               OUT (CW1),A
0016   0004 3E 80               LD A,80H
0017   0006 D3 47               OUT (CW2),A
0018   0008             
0019   0008             ; Stack Pointer
0020   0008 31 00 F8            LD SP,F800H
0021   000B             
0022   000B             
0023   000B             ; Contador de letras
0024   000B 06 00               LD B,00H
0025   000D 21 01 D8            LD HL,text1
0026   0010 CD 56 00            CALL WR_txt
0027   0013 CD 16 00            CALL RD_KB
0028   0016             
0029   0016             
0030   0016             
0031   0016             ; SUBRUTINES
0032   0016             
0033   0016             RD_KB:
0034   0016 DB 41               IN A,(KB)
0035   0018 FE 0D               CP 0DH
0036   001A CA 49 00            JP Z,no_Digit
0037   001D FE 20               CP ' '
0038   001F CA 46 00            JP Z,no_count
0039   0022 FE 41               CP 'A'
0040   0024 DA 3D 00            JP C,invalido
0041   0027 FE 5B               CP 'Z'+1
0042   0029 DA 39 00            JP C,valido
0043   002C FE 61               CP 'a'
0044   002E DA 3D 00            JP C,invalido
0045   0031 FE 7B               CP 'z'+1
0046   0033 DA 39 00            JP C,valido
0047   0036 C3 3D 00            JP invalido
0048   0039             
0049   0039             
0050   0039             valido:
0051   0039 04                  INC B
0052   003A C3 16 00            JP RD_KB
0053   003D             
0054   003D             invalido:
0055   003D 21 21 D8            LD HL,text2
0056   0040 CD 56 00            CALL WR_txt
0057   0043 C3 16 00            JP RD_KB
0058   0046             
0059   0046             no_count:              ;retorno a RD_KB
0060   0046 C3 16 00            JP RD_KB
0061   0049             
0062   0049             
0063   0049             no_Digit:
0064   0049 21 41 D8            LD HL,text3
0065   004C CD 56 00            CALL WR_txt
0066   004F 78                  LD A,B
0067   0050 CD 63 00            CALL WR_digit
0068   0053 C3 81 00            JP fin_programa
0069   0056             
0070   0056             
0071   0056             WR_txt:
0072   0056 7E                  LD A,(HL)
0073   0057             
0074   0057 FE 26               CP '&'
0075   0059 CA 62 00            JP Z,fin_texto
0076   005C             
0077   005C D3 40               OUT (LCD),A
0078   005E             
0079   005E 23                  INC HL
0080   005F C3 56 00            JP WR_txt
0081   0062             
0082   0062             
0083   0062             fin_texto:
0084   0062 C9                  RET
0085   0063             
0086   0063             
0087   0063             
0088   0063             
0089   0063             WR_digit:               ;despliegue en decimal
0090   0063 0E 00               LD C,00H
0091   0065             
0092   0065             
0093   0065             decenas:
0094   0065 FE 0A               CP 10
0095   0067 DA 70 00            JP C,unidades
0096   006A             
0097   006A D6 0A               SUB 10
0098   006C 0C                  INC C
0099   006D             
0100   006D C3 65 00            JP decenas
0101   0070             
0102   0070             
0103   0070             unidades:
0104   0070 57                  LD D,A
0105   0071             
0106   0071 79                  LD A,C
0107   0072 FE 00               CP 00H
0108   0074 CA 7B 00            JP Z,mostrar_unidad
0109   0077             
0110   0077 C6 30               ADD A,'0'
0111   0079 D3 40               OUT (LCD),A
0112   007B             
0113   007B             
0114   007B             mostrar_unidad:
0115   007B 7A                  LD A,D
0116   007C C6 30               ADD A,'0'
0117   007E D3 40               OUT (LCD),A
0118   0080             
0119   0080 C9                  RET
0120   0081             
0121   0081             
0122   0081             fin_programa:
0123   0081 C3 81 00            JP fin_programa
0124   0084             
0125   0084             
0126   0084             
0127   0084             ;Datos
0128   0084             
0129   0084                     ORG D801H
0130   D801 49 6E 67 72 text1:	DB "Ingresa tu nombre y apellidos: &"
0130   D805 65 73 61 20 
0130   D809 74 75 20 6E 
0130   D80D 6F 6D 62 72 
0130   D811 65 20 79 20 
0130   D815 61 70 65 6C 
0130   D819 6C 69 64 6F 
0130   D81D 73 3A 20 26 
0131   D821 20 45 52 52 text2: 	DB " ERROR: Solo letras y espacios &"
0131   D825 4F 52 3A 20 
0131   D829 53 6F 6C 6F 
0131   D82D 20 6C 65 74 
0131   D831 72 61 73 20 
0131   D835 79 20 65 73 
0131   D839 70 61 63 69 
0131   D83D 6F 73 20 26 
0132   D841 20 43 61 6E text3:	DB " Cantidad de letras: &"
0132   D845 74 69 64 61 
0132   D849 64 20 64 65 
0132   D84D 20 6C 65 74 
0132   D851 72 61 73 3A 
0132   D855 20 26       
0133   D857             
Number of errors = 0
